// Jest Snapshot v1, https://goo.gl/fbAQLP

exports[`Card Component(unconnected) matches the snapshot 1`] = `
<Fragment>
  <Bootstrap(Modal)
    onHide={[Function]}
    show={false}
  >
    <ModalHeader
      className="modalHeader"
      closeButton={true}
      closeLabel="Close"
    >
      <ModalTitle>
        Card detail
      </ModalTitle>
    </ModalHeader>
    <ModalBody
      className="modalBody"
    >
      <Container
        className="cardDetailContainer"
        fluid={false}
      >
        <ForwardRef
          noGutters={false}
          style={
            Object {
              "height": "auto",
            }
          }
        >
          <Col>
            <Image
              fluid={false}
              height="90%"
              rounded={false}
              roundedCircle={false}
              src="http://media.services.zam.com/v1/media/byName/hs/cards/enus/DS1_183.png"
              thumbnail={false}
              width="90%"
            />
          </Col>
          <Col
            className="cardDetail-font"
          >
            <Col>
              corrado4eyes
            </Col>
            <ForwardRef
              noGutters={false}
            >
              <Col>
                Card set: 
                Dummy
              </Col>
            </ForwardRef>
            <ForwardRef
              noGutters={false}
            >
              <Col>
                Rarity: 
                Super Rare
              </Col>
            </ForwardRef>
            <ForwardRef
              noGutters={false}
            >
              <Col>
                Type: 
                Developer
              </Col>
            </ForwardRef>
            <ForwardRef
              noGutters={false}
            >
              <Col>
                Player class: 
                Human
              </Col>
            </ForwardRef>
            <ForwardRef
              noGutters={false}
            >
              <Col>
                Cost: 
                9999
                 
                <Image
                  fluid={false}
                  rounded={false}
                  roundedCircle={false}
                  src={Object {}}
                  thumbnail={false}
                />
              </Col>
            </ForwardRef>
            <ForwardRef
              noGutters={false}
            >
              <Col />
              <Col />
            </ForwardRef>
          </Col>
        </ForwardRef>
        <ForwardRef
          noGutters={false}
        >
          <Col>
            <Button
              active={false}
              className="no-borders"
              disabled={false}
              id="switchImg"
              onClick={[Function]}
              type="button"
              variant="primary"
            >
              <Image
                fluid={false}
                rounded={false}
                roundedCircle={false}
                src={Object {}}
                thumbnail={false}
              />
            </Button>
          </Col>
          <Col>
            <Button
              active={false}
              disabled={false}
              id="favBtn"
              onClick={[Function]}
              type="button"
              variant="primary"
            >
              <Image
                fluid={false}
                rounded={false}
                roundedCircle={false}
                src={Object {}}
                thumbnail={false}
              />
            </Button>
          </Col>
        </ForwardRef>
      </Container>
    </ModalBody>
  </Bootstrap(Modal)>
  <Card
    body={false}
    className="no-border text-center"
  >
    <CardImg
      onClick={[Function]}
      src="http://media.services.zam.com/v1/media/byName/hs/cards/enus/DS1_183.png"
      variant="top"
    />
    <ForwardRef
      noGutters={false}
    >
      <Col>
        <Button
          active={false}
          className="no-borders"
          disabled={false}
          id="switchImg"
          onClick={[Function]}
          type="button"
          variant="primary"
        >
          <Image
            fluid={false}
            rounded={false}
            roundedCircle={false}
            src={Object {}}
            thumbnail={false}
          />
        </Button>
      </Col>
      <Col>
        <Button
          active={false}
          disabled={false}
          id="favBtn"
          onClick={[Function]}
          type="button"
          variant="primary"
        >
          <Image
            fluid={false}
            rounded={false}
            roundedCircle={false}
            src={Object {}}
            thumbnail={false}
          />
        </Button>
      </Col>
    </ForwardRef>
  </Card>
</Fragment>
`;
